border_size=1
usage=map

Gg, Re, Re, Gg, Gg, Gg, Mm, Gg, Mm, Mm, Mm, Mm, Ms, Ms, Ms, Ms, Mm, Mm, Mm, Hh, Mm, Gg, Mm, Mm, Mm, Re, Md, Gg, Md, Md, Ms, Ms, Ms, Ms, Wot, Wot, Wot, Ms, Ms, Ms, Ms, Gg, Gg, Gg, Gg, Gg
Gg, Gg, Gg, Re, Re, Gg, Hh, Mm, Mm, Mm, Mm, Mm, Ms, Mm, Ms, Ms, Ms, Mm, Mm, Mm, Mm, Mm, Mm, Mm, Mm, Re, Md, Md, Gg, Md, Md, Ms, Gg, Md, Gg, Wot, Wot, Ms, Gg, Ms, Gg, Gg, Gg, Gg, Re, Re
Gg, Gg, Re, Re, Gg, Re, Ch, Ch, Mm, Mm, Ms, Ms, Ms, Ms, Mm, Ms, Mm, Mm, Mm, Mm, Mm, Mm, Mm, Mm, Gg, Re, Gg, Md, Md, Gg, Gg, Gg, Gg, Gg, Gg, Wot, Wot, Gg, Gg, Gg, Gg, Gg, Gg, Re, Gg, Gg
Mm, Re, Mm^Xm, Mm, Mm, Hh, Ch, 2 Kh, Gg^Efm, Mm, Ms, Ms, Mm, Mm, Mm, Mm, Mm, Mm, Mm, Mm, Mm, Mm, Mm, Hh, Gg, Re, Gg, Gg, Gg, Gg, Gg, Gg, Gg, Gg, Gg, Gg, Wot, Wot, Gg, Gg, Gg, Gg, Re, Re, Gg, Gg
Mm, Re, Re, Mm^Xm, Mm^Xm, Hh, Mm, Ch, Mm, Mm, Mm, Ms, Ms, Mm, Mm, Mm, Mm, Mm, Mm, Mm, Mm, Mm, Mm, Mm, Mm, Re, Gg, Gg, Gg, Gg, Gg, Gg, Gg, Gg, Gg, Gg, Wot, Wot, Wot, Gg, Re, Re, Gg, Gg, Gg, Gg
Mm, Mm, Re, Mm, Mm^Xm, Mm, Ms^Xm, Ms, Mm^Xm, Ms^Xm, Mm^Xm, Ms^Xm, Mm^Xm, Mm, Mm^Xm, Mm, Mm, Mm, Hh, Mm, Mm, Mm, Mm, Mm, Mm, Re, Re, Gg, Gg, Gg, Gg, Gg, Gg, Gg, Re, Gg, Gg, Wot, Wot^Bw/r, Wot, Wot, Gg, Gg, Gg, Gg, Gg
Mm, Re, Mm, Gg, Mm^Xm, Ms^Xm, Ms^Xm, Ms^Xm, Mm, Mm, Mm, Mm, Mm, Mm^Xm, Mm, Mm^Xm, Mm^Xm, Mm, Mm, Mm, Mm, Hh, Mm, Mm, Mm, Gg, Hh, Re, Re, Re, Re, Re, Re, Re, Gg, Re, Re, Re, Gg, Wot, Wot, Gg, Gg, Gg, Gg, Gg
Mm, Re, Gg, Gg, Ms^Xm, Mm, Ms, Ms, Mm, Mm, Mm, Mm, Gg, Mm, Gg, Mm, Mm^Xm, Mm, Mm, Mm, Hh, Mm, Mm, Mm, Mm, Mm, Hh, Re, Ss, Wo, Gg, Gg, Gg, Gg, Gg, Gg, Gg, Gg, Gg, Wot, Wot, Gg, Ww, Gg, Ww, Gg
Mm, Re, Mm, Ms^Xm, Mm^Xm, Ms, Ms, Ms, Ce, Mm, Gg, Hh, Hh, Hh, Hh, Mm, Mm^Xm, Mm, Mm, Mm, Hh, Gg, Hh, Mm, Mm, Mm, Mm, Re, Re, Wo, Wo, Gg, Gg, Gg, Gg, Gg, Gg, Gg, Gg, Wot, Wot, Gg, Ww, Wot, Ww, Wot
Mm, Re, Mm, Ms^Xm, Mm, Ms, Ms, 3 Kea, Ce, Ce, Gg, Gg, Gg, Gg, Gg, Gg, Mm^Xm, Hh, Hh, Hh, Gg, Gg, Gg, Mm, Mm, Mm, Mm, Mm, Mm, Re, Re, Wot, Wot, Wot, Wot, Wot, Gg, Gg, Ww, Gg, Wot, Wot, Ww, Wot, Ww, Wot
Mm, Re, Mm, Ms^Xm, Mm^Xm, Mm, Mm, Mm, Gg, Gg, Gg, Gg, Gg, Gg, Gg, Gg, Gg, Mm^Xm, Gg, Hh, Gg, Gg, Gg, Gg, Mm, Mm, Mm, Mm, Mm, Mm, Re, Wot, Wot, Wot, Wot, Gg, Gg, Gg, Wot, Ww, Ww, Wot, Ww, Ww, Ww, Ww
Re, Re, Mm, Mm^Xm, Mm^Xm, Mm, Mm, Gg, Gg, Gg, Gg, Gg, Gg, Gg, Gg, Gg, Gg, Mm^Xm, Gg, Gg, Gg, Gg, Gg, Gg, Gg, Mm, Mm, Mm, Re, Re, Wot, Wot, Wot, Ww, Ww, Wot, Ww, Wot, Wot, Wot, Ww, Ww, Ww, Ww, Wot, Wot
Mm, Re, Re, Mm, Gg, Mm^Xm, Mm^Xm, Mm, Mm, Gg, Gg, Gg, Gg, Gg, Gg, Gg, Gg, Gg, Gg, Gg, Gg, Gg, Gg, Gg, Re, Gg, Re, Re, Gg, Wot, Wot, Wot, Wot, Wot, Wot, Ww, Ww, Wot, Wot, Wot, Ww, Wot, Wot, Wot, Wot, Wot
Mm, Mm, Gg, Re, Re, Mm, Hh, Mm^Xm, Mm^Xm, Mm, Hh, Gg, Mm^Xm, Gg, Mm^Xm, Mm^Xm, Gg, Gg, Gg, Gg, Gg, Gg, Re, Re, Gg, Re, Gg, Gg, Wot, Wot, Wot, Wot, Wot, Ww, Ww, Ww, Ww, Ww, Ww, Ww, Ww, Ww, Gg, Gg, Gg, Gg
Gg, Mm, Gg, Mm, Re, Mm, Mm, Hh, Mm^Xm, Mm, Mm^Xm, Mm^Xm, Hh, Mm^Xm, Gg, Gg, Gg, Gg, Gg, Gg, Re, Re, Gg, Gg, Gg, Gg, Gg, Gg, Wot, Wot, Wot, Wot, Wot, Wot, Wot, Ww, Wot, Ww, Wot, Wot, Gg, Gg, Gg, Gg, Gg, Gg
Gg, Mm, Mm, Gg, Mm, Re, Gg, Gg, Hh, Mm^Xm, Mm^Xm, Mm, Mm, Hh, Hh, Gg, Gg, Gg, Re, Re, Gg, Gg, Gg, Gg, Gg, Gg, Gg, Gg, Wot, Wot, Wot, Gg, Ww, Ww, Wot, Wot, Wot, Wot, Wot, Wot, Gg, Gg, 1 Gg, Gg, Gg, Ss
Gg, Gg, Mm, Mm, Gg, Re, Gg, Gg, Hh, Hh, Mm, Mm, Hh, Mm, Gg, Hh, Gg, Gg, Re, Gg, Gg, Gg, Gg, Gg, Gg, Gg, Gg, Gg, Wot, Wot, Wot, Gg, Wot, Ww, Ww, Ww, Ww, Wot, Wot, Wot, Gg, Gg, Gg, Gg, Gg, Gg
Gg, Mm, Gg, Mm, Gg, Re, Re, Gg, Mm, Mm, Mm, Hh, Hh, Mm, Hh, Hh, Gg, Re, Gg, Gg, Gg, Gg, Gg, Gg, Gg, Gg, Gg, Gg, Wot, Wot, Wot, Wot, Wot, Wot, Ww, Ww, Ww, Ww, Wot, Wot, Gg, Gg, Ss, Gg, Gg, Ss
Mm, Mm, Gg, Gg, Gg, Gg, Re, Gg, Mm, Mm, Mm, Mm, Mm, Mm, Gg, Hh, Re, Re, Gg, Gg, Gg, Gg, Gg, Gg, Ss, Gg, Gg, Gg, Ss, Wot, Ww, Ww, Ww, Ww, Ww, Ww, Ww, Ww, Wot, Gg, Gg, Gg, Gg, Ss, Gg, Gg
Gg, Mm, Mm, Gg, Gg, Gg, Re, Mm, Wo, Mm, Mm, Mm, Gg, Gg, Re, Re, Gg, Gg, Gg, Gg, Gg, Gg, Gg, Gg, Gg, Ss, Ss, Gg, Ss, Gg, Gg, Ww, Ww, Wot, Wot, Ww, Ww, Wot, Wot, Wot, Wot, Gg, Gg, Gg, Wot, Wot
Gg, Gg, Gg, Mm, Mm, Gg, Re, Mm, Mm, 6 Kh, Ch, Gg, Re, Re, Gg, Gg, Gg, Gg, Gg, Gg, Gg, Gg, Gg, Ss, Gg, Gg, Ss, Gg, Ss, Ss, Gg, Ww, Wot, Ww, Ww, Ww, Wot, Wot, Wot, Wot, Wot, Gg, Ww, Wot, Wot, Wot
Mm, Gg, Mm, Mm, 5 Kh, Mm, Mm, Re, Mm, Ch, Re, Re, Gg, Gg, Gg, Gg, Gg, Gg, Gg, Gg, Gg, Gg, Gg, Ss, Gg, Ss, Gg, Gg, Ss, Gg, Ww, Ww, Ww, Ww, Wot, Wot, Wot, Wot, Wot, Wot, Wot, Wot, Wot, Wot, Wot, Wot
Mm, Mm, Mm, Mm, Ch, Ch, Re, Re, Re, Re, Gg, Gg, Gg, Gg, Gg, Gg, Gg, Gg, Gg, Gg, Gg, Gg, Ww, Gg, Ss, Gg, Ww, Ww, Ww, Ww, Ww, Ww, Gg, Gg, Ss, Wot, Wot, Wot, Ss, Wot, Wot, Ww, Wot, Wot, Wot, Wot
Re, Re, Re, Re, Re, Re, Re, Re, Re, Gg, Gg, Gg, Gg, Gg, Gg, Gg, Gg, Gg, Gg, Gg, Ww, Ww, Ww, Ww, Ww, Ww, Gg, Ww, Ss, Ww, Ss, Gg, Gg, Ss, Ss, Gg, Ss, Wot, Wot, Wot, Ss, Ww, Ww, Wot, 4 Khw, Wot
Gg, Mm, Mm, Mm, Mm, Mm, Gg, Gg, Re, Gg, Gg, Gg, Gg, Gg, Gg, Gg, Gg, Gg, Ww, Ww, Ww, Ww, Ss, Gg, Gg, Gg, Gg, Gg, Gg, Gg, Gg, Ss, Ss, Ss, Gg, Gg, Ss, Gg, Ss, Ss, Ww, Ww, Chw, Chw, Chw, Ww
Gg, Gg, Gg, Gg, Mm, Gg, Gg, Gg, Gg, Re, Gg, Gg, Gg, Gg, Ww, Ww, Ww, Ww, Ww, Ww, Gg, Gg, Gg, Gg, Ss, Gg, Gg, Ss, Ss, Gg, Ss, Gg, Ss, Ss, Ss, Ss, Gg, Gg, Gg, Gg, Ww, Ww, Ss, Ss, Ww, Ww
Mm, Gg, Mm, Gg, Mm, Mm, Gg, Gg, Gg, Re, Gg, Gg, Ww, Ww, Ww, Ww, Gg, Ww, Gg, Gg, Gg, Gg, Gg, Gg, Gg, Ss, Gg, Ss, Ss, Ss, Ss, Gg, Gg, Gg, Ss, Gg, Ss, Ss, Ss, Ss, Ss, Ww, Ss, Ww, Ww, Ww
Mm, Gg, Gg, Mm, Mm, Mm, Gg, Gg, Gg, Rb, Rb, Gg, Ww, Ww, Gg, Gg, Gg, Gg, Gg, Gg, Gg, Gg, Gg, Gg, Ss, Gg, Ss, Ss, Gg, Gg, Ss, Gg, Ss, Gg, Ss, Ss, Ss, Ss, Gg, Ss, Gg, Ss, Ss, Ss, Ss, Ww
Ww, Gg, Mm, Mm, Mm, Mm, Mm, Gg, Mm, Gg, Ww, Wwf, Wo, Ww, Gg, Gg, Gg, Gg, Gg, Gg, Gg, Gg, Gg, Gg, Gg, Ss, Gg, Gg, Gg, Ss, Ss, Gg, Gg, Ss, Ss, Ss, Gg, Ss, Ss, Gg, Ss, Ss, Gg, Ss, Gg, Gg
Ww, Ww, Ww, Mm, Mm, Mm, Mm, Mm, Mm, Ww, Ww, Wwf, Re, Ch, Gg, Gg, Gg, Gg, Mm, Gg, Gg, Gg, Gg, Gg, Gg, Gg, Mm, Gg, Mm^Xm, Gg, Mm^Xm, Gg, Mm^Xm, Gg, Gg, Gg, Mm^Xm, Gg, Gg, Mm, Mm^Xm, Gg, Mm^Xm, Gg, Mm^Xm, Gg
Gg, Ww, Ww, Ww, Mm^Xm, Gg, Gg, Gg, Mm^Xm, Ww, Ww, Ch, Re, Ch, Mm, Mm, Mm^Xm, Mm, Mm^Xm, Mm, Gg, Mm, Mm^Xm, Gg, Mm^Xm, Gg, Gg, Mm^Xm, Mm^Xm, Mm^Xm, Gg, Mm^Xm, Gg, Mm^Xm, Mm^Xm, Mm^Xm, Gg, Mm^Xm, Mm^Xm, Gg, Gg, Mm^Xm, Mm^Xm, Mm^Xm, Gg, Mm^Xm
Mm^Xm, Mm^Xm, Mm^Xm, Mm^Xm, Mm^Xm, Mm^Xm, Mm^Xm, Mm^Xm, Mm, Ww, Ww, Mm, Re, Hh, Mm, Mm^Xm, Mm, Mm^Xm, Mm, Mm^Xm, Gg, Mm^Xm, Mm, Mm^Xm, Mm^Xm, Mm^Xm, Mm^Xm, Gg, Hh, Gg, Gg, Gg, Gg, Gg, Gg, Gg, Gg, Gg, Gg, Mm^Xm, Mm^Xm, Gg, Gg, Gg, Gg, Gg
Gg, Mm^Xm, Gg, Gg, Mm, Gg, Mm, Mm, Ww, Ww, Gg, Mm, Mm, Re, Gg, Mm, Gg, Gg, Mm, Mm, Gg, Gg, Gg, Mm, Mm^Xm, Mm^Xm, Gg, Mm^Xm, Mm^Xm, Gg, Mm^Xm, Gg, Mm^Xm, Gg, Mm^Xm, Gg, Gg, Gg, Gg, Mm^Xm, Mm^Xm, Mm^Xm, Mm^Xm, Mm^Xm, Mm^Xm, Mm^Xm
Gg, Gg, Gg, Mm, Ww, Mm, Ww, Ww, Ww, Ww, Mm, Mm, Mm, Re, Gg, Mm, Mm, Gg, Gg, Mm, Mm, Gg, Gg, Mm, Mm^Xm, Gg, Gg, Gg, Gg, Mm^Xm, Gg, Mm^Xm, Gg, Mm^Xm, Gg, Mm^Xm, Gg, Gg, Gg, Gg, Gg, Mm^Xm, Gg, Mm^Xm, Gg, Gg
Gg, Gg, Ww, Ww, Ww, Ww, Ww, Ww, Ww, Ww, Mm, Mm, Mm, Re, Re, Gg, Gg, Mm, Mm, Mm, Gg, Gg, Gg, Mm, Mm^Xm, Gg, Gg, Gg, Gg, Gg, Gg, Gg, Gg, Gg, Gg, Gg, Gg, Gg, Gg, Gg, Gg, Gg, Gg, Gg, Gg, Gg
